Change Component Footprint: Designator=R7 Old Footprint=RES_10K_0603_1 New Footprint=RES_5.1K_0603
Change Component Footprint: Designator=R8 Old Footprint=RES_10K_0603_1 New Footprint=RES_5.1K_0603
Change Component Comment: Designator=C3 Old Comment=1µF New Comment=10pF
Change Component Comment: Designator=R7 Old Comment=10K New Comment=5.1K
Change Component Comment: Designator=R8 Old Comment=10K New Comment=5.1K
Change Component Comment: Designator=ANT1 Old Comment=CHIP_ANT New Comment=PCB_ANT
Change Component Designator: OldDesignator=C1 NewDesignator=C2
Change Component Designator: OldDesignator=C2 NewDesignator=C1
Change Component Designator: OldDesignator=C8 NewDesignator=C6
Change Component Designator: OldDesignator=C9 NewDesignator=C8
Change Component Designator: OldDesignator=C10 NewDesignator=C9
Change Component Designator: OldDesignator=C11 NewDesignator=C10
Change Component Designator: OldDesignator=C12 NewDesignator=C11
Change Component Designator: OldDesignator=C13 NewDesignator=C12
Change Component Designator: OldDesignator=C14 NewDesignator=C13
Change Component Designator: OldDesignator=C15 NewDesignator=C16
Change Component Designator: OldDesignator=C16 NewDesignator=C17
Change Component Designator: OldDesignator=C17 NewDesignator=C18
Change Component Designator: OldDesignator=C18 NewDesignator=C19
Change Component Designator: OldDesignator=C19 NewDesignator=C20
Change Component Designator: OldDesignator=C20 NewDesignator=C21
Change Component Designator: OldDesignator=L3 NewDesignator=L4
Change Component Designator: OldDesignator=L4 NewDesignator=L5
Change Component Designator: OldDesignator=R2 NewDesignator=R1
Change Component Designator: OldDesignator=R3 NewDesignator=R2
