Added Component: Designator=ANT1(Antenne // RFANT5220110A0T)
Added Component: Designator=C1(CAP_General_0603)
Added Component: Designator=C2(CAP_General_0603)
Added Component: Designator=C3(CAP_General_0603)
Added Component: Designator=C4(CAP_General_0603)
Added Component: Designator=C5(CAP_General_0603)
Added Component: Designator=C6(CAP_General_0603)
Added Component: Designator=C7(CAP_General_0603)
Added Component: Designator=C8(CAP_General_0603)
Added Component: Designator=C9(CAP_General_0603)
Added Component: Designator=C10(CAP_General_0603)
Added Component: Designator=C11(CAP_General_0603)
Added Component: Designator=C12(CAP_General_0603)
Added Component: Designator=C13(CAP_General_0603)
Added Component: Designator=C14(CAP_General_0603)
Added Component: Designator=C15(CAP_General_0603)
Added Component: Designator=C16(CAP_General_0603)
Added Component: Designator=C17(CAP_General_0603)
Added Component: Designator=C18(CAP_General_0603)
Added Component: Designator=C19(CAP_General_0603)
Added Component: Designator=C20(CAP_General_0603)
Added Component: Designator=Crystal1(Crystal // ECS­400­8­47B2­CKM­TR)
Added Component: Designator=D1(LED // KRDELPS1.22-UIVG-46-H3Q4-XX)
Added Component: Designator=D2(LED // KRDELPS1.22-UIVG-46-H3Q4-XX)
Added Component: Designator=D3(ESD diode 5V // SMF5.0A)
Added Component: Designator=F1(Fuse // 0603L050SLYR)
Added Component: Designator=Flash1(128 Mbit NOR Flash // AT25QF128A-MHB-T)
Added Component: Designator=J1(USB-C connector // USB4085-GF-A)
Add component (AddParameter): Name = "Contact Material"; Value = "Copper Alloy"; VariantName = "[No Variations]"
Add component (AddParameter): Name = "Contact Plating"; Value = "Gold"; VariantName = "[No Variations]"
Add component (AddParameter): Name = "Gender"; Value = "Receptacle"; VariantName = "[No Variations]"
Add component (AddParameter): Name = "Number of Positions"; Value = "16"; VariantName = "[No Variations]"
Add component (AddParameter): Name = "Orientation"; Value = "Right Angle"; VariantName = "[No Variations]"
Add component (AddParameter): Name = "USB Standard"; Value = "USB 2.0"; VariantName = "[No Variations]"
Added Component: Designator=L1(Inductor 1µH // MLP2520H1R0MT0S1)
Added Component: Designator=L2(Inductor 2nH // MLG1005S2N0BTD25)
Added Component: Designator=L3(Inductor 3.3nH // AIMC-0805-3N3)
Added Component: Designator=L4(Inductor 24 nH // 36501J24NJTDG)
Added Component: Designator=R1(RES_100K_0603)
Added Component: Designator=R2(RES_453K_0603)
Added Component: Designator=R3(RES_499R_0603)
Added Component: Designator=R4(RES_499R_0603)
Added Component: Designator=R5(RES_10K_0603_1)
Added Component: Designator=R6(RES_10K_0603_1)
Added Component: Designator=R7(RES_10K_0603_1)
Added Component: Designator=R8(RES_10K_0603_1)
Added Component: Designator=R9(RES_10K_0603_1)
Added Component: Designator=R10(RES_10K_0603_1)
Added Component: Designator=S1(Tactile Switches // FSM4JSMAATR)
Added Component: Designator=S2(Tactile Switches // FSM4JSMAATR)
Added Component: Designator=U1(CONVERTOR // TLV62569APDRLR)
Added Component: Designator=U2(USB Bridge // CP2102N-A02-GQFN24R)
Add component (AddParameter): Name = "Ambient Temperature Range High"; Value = "85°C"; VariantName = "[No Variations]"
Add component (AddParameter): Name = "Height"; Value = "800µm"; VariantName = "[No Variations]"
Add component (AddParameter): Name = "Interface"; Value = "I2C, RS-485, UART, USB"; VariantName = "[No Variations]"
Add component (AddParameter): Name = "Lifecycle Status"; Value = "Production"; VariantName = "[No Variations]"
Add component (AddParameter): Name = "Manufacturer Lifecycle Status"; Value = "FULL PRODUCTION"; VariantName = "[No Variations]"
Add component (AddParameter): Name = "Max Junction Temperature (Tj)"; Value = "105°C"; VariantName = "[No Variations]"
Add component (AddParameter): Name = "Max Operating Temperature"; Value = "85°C"; VariantName = "[No Variations]"
Add component (AddParameter): Name = "Max Supply Voltage"; Value = "3.6V"; VariantName = "[No Variations]"
Add component (AddParameter): Name = "Min Operating Temperature"; Value = "-40°C"; VariantName = "[No Variations]"
Add component (AddParameter): Name = "Min Supply Voltage"; Value = "1.71V"; VariantName = "[No Variations]"
Add component (AddParameter): Name = "NexarPartId"; Value = "99772192"; VariantName = "[No Variations]"
Add component (AddParameter): Name = "Number of Digital IO"; Value = "4"; VariantName = "[No Variations]"
Add component (AddParameter): Name = "Schedule B"; Value = "8542390000, 8542390000|8542390000|8542390000|8542390000|8542390000"; VariantName = "[No Variations]"
Added Component: Designator=U3(FP-ESP32-S3R8)
Add component (AddParameter): Name = "NexarPartId"; Value = "118292493"; VariantName = "[No Variations]"
Added Pin To Net: NetName=NetANT1_1 Pin=ANT1-1
Added Pin To Net: NetName=NetANT1_2 Pin=ANT1-2
Added Pin To Net: NetName=GND Pin=C1-1
Added Pin To Net: NetName=+3.3V Pin=C1-2
Added Pin To Net: NetName=GND Pin=C2-2
Added Pin To Net: NetName=GND Pin=C3-1
Added Pin To Net: NetName=+5V Pin=C3-2
Added Pin To Net: NetName=GND Pin=C4-1
Added Pin To Net: NetName=+3.3V Pin=C4-2
Added Pin To Net: NetName=GND Pin=C5-1
Added Pin To Net: NetName=+5V Pin=C5-2
Added Pin To Net: NetName=+3.3 Pin=C6-1
Added Pin To Net: NetName=GND Pin=C6-2
Added Pin To Net: NetName=GND Pin=C7-1
Added Pin To Net: NetName=+3.3 Pin=C7-2
Added Pin To Net: NetName=GND Pin=C8-1
Added Pin To Net: NetName=+3.3V Pin=C8-2
Added Pin To Net: NetName=GND Pin=C9-1
Added Pin To Net: NetName=+3.3V Pin=C10-1
Added Pin To Net: NetName=GND Pin=C10-2
Added Pin To Net: NetName=GND Pin=C11-1
Added Pin To Net: NetName=+3.3V Pin=C11-2
Added Pin To Net: NetName=GND Pin=C12-1
Added Pin To Net: NetName=+3.3V Pin=C12-2
Added Pin To Net: NetName=GND Pin=C13-1
Added Pin To Net: NetName=+3.3V Pin=C13-2
Added Pin To Net: NetName=GND Pin=C14-1
Added Pin To Net: NetName=NetANT1_2 Pin=C15-1
Added Pin To Net: NetName=NetANT1_1 Pin=C15-2
Added Pin To Net: NetName=NetANT1_2 Pin=C16-1
Added Pin To Net: NetName=GND Pin=C17-2
Added Pin To Net: NetName=GND Pin=C18-1
Added Pin To Net: NetName=GND Pin=C19-1
Added Pin To Net: NetName=GND Pin=C20-2
Added Pin To Net: NetName=GND Pin=Crystal1-2
Added Pin To Net: NetName=GND Pin=Crystal1-4
Added Pin To Net: NetName=NetD1_1 Pin=D1-1
Added Pin To Net: NetName=GND Pin=D1-2
Added Pin To Net: NetName=NetD2_1 Pin=D2-1
Added Pin To Net: NetName=GND Pin=D2-2
Added Pin To Net: NetName=+5V Pin=D3-1
Added Pin To Net: NetName=GND Pin=D3-2
Added Pin To Net: NetName=VBus Pin=F1-1
Added Pin To Net: NetName=+5V Pin=F1-2
Added Pin To Net: NetName=NetFlash1_1 Pin=Flash1-1
Added Pin To Net: NetName=NetFlash1_2 Pin=Flash1-2
Added Pin To Net: NetName=NetFlash1_3 Pin=Flash1-3
Added Pin To Net: NetName=GND Pin=Flash1-4
Added Pin To Net: NetName=NetFlash1_5 Pin=Flash1-5
Added Pin To Net: NetName=NetFlash1_6 Pin=Flash1-6
Added Pin To Net: NetName=NetFlash1_7 Pin=Flash1-7
Added Pin To Net: NetName=GND Pin=J1-1
Added Pin To Net: NetName=GND Pin=J1-2
Added Pin To Net: NetName=GND Pin=J1-3
Added Pin To Net: NetName=GND Pin=J1-4
Added Pin To Net: NetName=GND Pin=J1-A1
Added Pin To Net: NetName=VBus Pin=J1-A4
Added Pin To Net: NetName=NetJ1_A5 Pin=J1-A5
Added Pin To Net: NetName=NetJ1_A6 Pin=J1-A6
Added Pin To Net: NetName=NetJ1_A7 Pin=J1-A7
Added Pin To Net: NetName=VBus Pin=J1-A9
Added Pin To Net: NetName=GND Pin=J1-A12
Added Pin To Net: NetName=GND Pin=J1-B1
Added Pin To Net: NetName=VBus Pin=J1-B4
Added Pin To Net: NetName=NetJ1_B5 Pin=J1-B5
Added Pin To Net: NetName=NetJ1_A6 Pin=J1-B6
Added Pin To Net: NetName=NetJ1_A7 Pin=J1-B7
Added Pin To Net: NetName=VBus Pin=J1-B9
Added Pin To Net: NetName=GND Pin=J1-B12
Added Pin To Net: NetName=NetL1_1 Pin=L1-1
Added Pin To Net: NetName=+3.3 Pin=L1-2
Added Pin To Net: NetName=+3.3V Pin=L2-1
Added Pin To Net: NetName=NetANT1_1 Pin=L3-1
Added Pin To Net: NetName=GND Pin=R1-1
Added Pin To Net: NetName=+3.3 Pin=R2-2
Added Pin To Net: NetName=+3.3V Pin=R3-1
Added Pin To Net: NetName=NetD1_1 Pin=R3-2
Added Pin To Net: NetName=NetR4_1 Pin=R4-1
Added Pin To Net: NetName=NetD2_1 Pin=R4-2
Added Pin To Net: NetName=+3.3V Pin=R5-1
Added Pin To Net: NetName=NetR5_2 Pin=R5-2
Added Pin To Net: NetName=+3.3V Pin=R6-2
Added Pin To Net: NetName=GND Pin=R7-1
Added Pin To Net: NetName=NetJ1_B5 Pin=R7-2
Added Pin To Net: NetName=GND Pin=R8-1
Added Pin To Net: NetName=NetJ1_B5 Pin=R8-2
Added Pin To Net: NetName=GND Pin=R9-1
Added Pin To Net: NetName=NetJ1_A5 Pin=R9-2
Added Pin To Net: NetName=GND Pin=R10-1
Added Pin To Net: NetName=NetJ1_A5 Pin=R10-2
Added Pin To Net: NetName=NetR5_2 Pin=S1-1
Added Pin To Net: NetName=NetR5_2 Pin=S1-2
Added Pin To Net: NetName=GND Pin=S1-3
Added Pin To Net: NetName=GND Pin=S1-4
Added Pin To Net: NetName=GND Pin=S2-3
Added Pin To Net: NetName=GND Pin=S2-4
Added Pin To Net: NetName=GND Pin=U1-2
Added Pin To Net: NetName=+5V Pin=U1-3
Added Pin To Net: NetName=NetL1_1 Pin=U1-4
Added Pin To Net: NetName=+5V Pin=U1-5
Added Pin To Net: NetName=GND Pin=U2-2
Added Pin To Net: NetName=NetJ1_A6 Pin=U2-3
Added Pin To Net: NetName=NetJ1_A7 Pin=U2-4
Added Pin To Net: NetName=+3.3 Pin=U2-5
Added Pin To Net: NetName=+5V Pin=U2-7
Added Pin To Net: NetName=+5V Pin=U2-8
Added Pin To Net: NetName=NetU2_20 Pin=U2-20
Added Pin To Net: NetName=NetU2_21 Pin=U2-21
Added Pin To Net: NetName=GND Pin=U2-25
Added Pin To Net: NetName=NetR5_2 Pin=U3-5
Added Pin To Net: NetName=NetR4_1 Pin=U3-7
Added Pin To Net: NetName=+3.3V Pin=U3-20
Added Pin To Net: NetName=NetFlash1_7 Pin=U3-30
Added Pin To Net: NetName=NetFlash1_3 Pin=U3-31
Added Pin To Net: NetName=NetFlash1_1 Pin=U3-32
Added Pin To Net: NetName=NetFlash1_6 Pin=U3-33
Added Pin To Net: NetName=NetFlash1_2 Pin=U3-34
Added Pin To Net: NetName=NetFlash1_5 Pin=U3-35
Added Pin To Net: NetName=+3.3V Pin=U3-46
Added Pin To Net: NetName=NetU2_20 Pin=U3-49
Added Pin To Net: NetName=NetU2_21 Pin=U3-50
Added Pin To Net: NetName=+3.3V Pin=U3-55
Added Pin To Net: NetName=+3.3V Pin=U3-56
Added Pin To Net: NetName=GND Pin=U3-57
Added Pin To Net: NetName=NetC2_1 Pin=C2-1
Added Pin To Net: NetName=NetC2_1 Pin=U2-6
Added Net: Name=NetC2_1
Added Pin To Net: NetName=NetC9_2 Pin=C9-2
Added Pin To Net: NetName=NetC9_2 Pin=L2-2
Added Pin To Net: NetName=NetC9_2 Pin=U3-2
Added Pin To Net: NetName=NetC9_2 Pin=U3-3
Added Net: Name=NetC9_2
Added Pin To Net: NetName=NetC14_2 Pin=C14-2
Added Pin To Net: NetName=NetC14_2 Pin=R6-1
Added Pin To Net: NetName=NetC14_2 Pin=S2-1
Added Pin To Net: NetName=NetC14_2 Pin=S2-2
Added Pin To Net: NetName=NetC14_2 Pin=U3-4
Added Net: Name=NetC14_2
Added Pin To Net: NetName=NetC16_2 Pin=C16-2
Added Pin To Net: NetName=NetC16_2 Pin=L3-2
Added Pin To Net: NetName=NetC16_2 Pin=U3-1
Added Net: Name=NetC16_2
Added Pin To Net: NetName=NetC17_1 Pin=C17-1
Added Pin To Net: NetName=NetC17_1 Pin=Crystal1-1
Added Pin To Net: NetName=NetC17_1 Pin=L4-1
Added Net: Name=NetC17_1
Added Pin To Net: NetName=NetC18_2 Pin=C18-2
Added Pin To Net: NetName=NetC18_2 Pin=C19-2
Added Pin To Net: NetName=NetC18_2 Pin=Flash1-8
Added Pin To Net: NetName=NetC18_2 Pin=U3-29
Added Net: Name=NetC18_2
Added Pin To Net: NetName=NetC20_1 Pin=C20-1
Added Pin To Net: NetName=NetC20_1 Pin=Crystal1-3
Added Pin To Net: NetName=NetC20_1 Pin=U3-53
Added Net: Name=NetC20_1
Added Pin To Net: NetName=NetL4_2 Pin=L4-2
Added Pin To Net: NetName=NetL4_2 Pin=U3-54
Added Net: Name=NetL4_2
Added Pin To Net: NetName=NetR1_2 Pin=R1-2
Added Pin To Net: NetName=NetR1_2 Pin=R2-1
Added Pin To Net: NetName=NetR1_2 Pin=U1-1
Added Net: Name=NetR1_2
