Removed Pin From Net: NetName=GND Pin=ANT1-2
Removed Pin From Net: NetName=NetC3_1 Pin=C3-1
Removed Pin From Net: NetName=+3.3 Pin=C3-2
Removed Pin From Net: NetName=GND Pin=C14-1
Removed Pin From Net: NetName=NetANT1_1 Pin=C14-2
Removed Pin From Net: NetName=GND Pin=C15-1
Removed Pin From Net: NetName=GND Pin=C16-1
Removed Pin From Net: NetName=GND Pin=C17-1
Removed Pin From Net: NetName=NetANT1_1 Pin=D4-1
Removed Pin From Net: NetName=GND Pin=D4-2
Removed Pin From Net: NetName=NetANT1_1 Pin=L3-1
Removed Pin From Net: NetName=+3.3 Pin=R1-1
Removed Pin From Net: NetName=GND Pin=R3-1
Removed Pin From Net: NetName=NetC3_1 Pin=R3-2
Removed Pin From Net: NetName=NetJ1_A5 Pin=R8-2
Removed Pin From Net: NetName=+3.3 Pin=U1-1
Removed Pin From Net: NetName=+3.3 Pin=U2-5
Added Component: Designator=C6(CAP_General_0603)
Added Component: Designator=R1(RES_100K_0603)
Added Component: Designator=R9(RES_10K_0603_1)
Added Component: Designator=R10(RES_10K_0603_1)
Added Pin To Net: NetName=GND Pin=C3-1
Added Pin To Net: NetName=+5 Pin=C3-2
Added Pin To Net: NetName=NetC3_1 Pin=C6-1
Added Pin To Net: NetName=GND Pin=C6-2
Added Pin To Net: NetName=NetANT1_1 Pin=C16-2
Added Pin To Net: NetName=NetANT1_1 Pin=L4-1
Added Pin To Net: NetName=GND Pin=R1-1
Added Pin To Net: NetName=NetJ1_B5 Pin=R8-2
Added Pin To Net: NetName=GND Pin=R9-1
Added Pin To Net: NetName=NetJ1_A5 Pin=R9-2
Added Pin To Net: NetName=GND Pin=R10-1
Added Pin To Net: NetName=NetJ1_A5 Pin=R10-2
Added Pin To Net: NetName=NetC3_1 Pin=U2-5
Change Net Name : Old Net Name=+3.3 New Net Name=+3.3V
Change Net Name : Old Net Name=+5 New Net Name=+5V
Change Net Name : Old Net Name=+5.Voor fuse New Net Name=VBus
Change Net Name : Old Net Name=NetC3_1 New Net Name=+3.3
Added Pin To Net: NetName=NetANT1_2 Pin=ANT1-2
Added Pin To Net: NetName=NetANT1_2 Pin=C16-1
Added Pin To Net: NetName=NetANT1_2 Pin=C17-1
Added Net: Name=NetANT1_2
Added Pin To Net: NetName=NetR1_1 Pin=R1-1
Added Pin To Net: NetName=NetR1_1 Pin=R1-2
Added Pin To Net: NetName=NetR1_1 Pin=U1-1
Added Net: Name=NetR1_1
Added Rule: Name=Schematic Supply Nets_4
